// Jest Snapshot v1, https://goo.gl/fbAQLP

exports[`Date Picker Test Suite should render expected HTML 1`] = `"<form class=\\"DatePickers-container-1 [object Object]\\" novalidate=\\"\\"><div class=\\"MuiFormControl-root-3 DatePickers-textField-2 [object Object]\\"><label class=\\"MuiFormLabel-root-18 MuiInputLabel-root-7 MuiInputLabel-formControl-12 MuiInputLabel-animated-15 MuiInputLabel-shrink-14\\" data-shrink=\\"true\\" for=\\"date\\">undefined [object Object]</label><div class=\\"MuiInputBase-root-38 MuiInput-root-25 MuiInput-underline-29 MuiInputBase-formControl-39 MuiInput-formControl-26\\"><input aria-invalid=\\"false\\" class=\\"MuiInputBase-input-48 MuiInput-input-33 MuiInputBase-inputType-51 MuiInput-inputType-36\\" id=\\"date\\" type=\\"date\\" value=\\"undefined [object Object]\\"></div></div></form>"`;
