// Jest Snapshot v1, https://goo.gl/fbAQLP

exports[`Draggable Dialog Test Suite should render expected HTML 1`] = `"<div><button class=\\"MuiButtonBase-root-27 MuiButton-root-1 MuiButton-contained-12 MuiButton-containedPrimary-13 MuiButton-raised-15 MuiButton-raisedPrimary-16\\" tabindex=\\"0\\" type=\\"button\\"><span class=\\"MuiButton-label-2\\">send this gift card</span><span class=\\"MuiTouchRipple-root-46\\"></span></button></div>"`;
